// Jest Snapshot v1, https://goo.gl/fbAQLP

exports[`Button snapshot works 1`] = `
<button
  className="smdn-b-button"
  data-test="button-component"
  disabled={false}
  onClick={[Function]}
  size="regular"
  type="submit"
>
  Button
</button>
`;
